python : INFO:     Started server process [21308]
At line:15 char:4884
+ ... e_modules\@vscode\ripgrep\bin'; python _run_uv.py > _uvicorn.log 2>&1
+                                     ~~~~~~~~~~~~~~~~~~~~~~~~~~~~~~~~~~~~~
    + CategoryInfo          : NotSpecified: (INFO:     Started server process [21308]:String) [], RemoteException
    + FullyQualifiedErrorId : NativeCommandError
 
INFO:     Waiting for application startup.
INFO  [alembic.runtime.migration] Context impl PostgresqlImpl.
INFO  [alembic.runtime.migration] Will assume transactional DDL.
SystemExit: code=3
Traceback (most recent call last):
  File "C:\Users\admin\AppData\Local\Programs\Python\Python310\lib\site-packages\uvicorn\server.py", line 170, in start
up
    server = await loop.create_server(
  File "C:\Users\admin\AppData\Local\Programs\Python\Python310\lib\asyncio\base_events.py", line 1505, in create_server
    raise OSError(err.errno, 'error while attempting '
OSError: [Errno 10048] error while attempting to bind on address ('127.0.0.1', 8080): 通常每个套接字地址(协议/网络地址/端口)只允许使用一次。

During handling of the above exception, another exception occurred:

Traceback (most recent call last):
  File "E:\linux\trae_project\antibody_map01\backend\_run_uv.py", line 5, in <module>
    uvicorn.run(app, host="127.0.0.1", port=8080, log_level="debug")
  File "C:\Users\admin\AppData\Local\Programs\Python\Python310\lib\site-packages\uvicorn\main.py", line 621, in run
    server.run()
  File "C:\Users\admin\AppData\Local\Programs\Python\Python310\lib\site-packages\uvicorn\server.py", line 74, in run
    return asyncio_run(self.serve(sockets=sockets), loop_factory=self.config.get_loop_factory())
  File "C:\Users\admin\AppData\Local\Programs\Python\Python310\lib\site-packages\uvicorn\_compat.py", line 60, in async
io_run
    return loop.run_until_complete(main)
  File "C:\Users\admin\AppData\Local\Programs\Python\Python310\lib\asyncio\base_events.py", line 633, in run_until_comp
lete
    self.run_forever()
  File "C:\Users\admin\AppData\Local\Programs\Python\Python310\lib\asyncio\windows_events.py", line 321, in run_forever
    super().run_forever()
  File "C:\Users\admin\AppData\Local\Programs\Python\Python310\lib\asyncio\base_events.py", line 600, in run_forever
    self._run_once()
  File "C:\Users\admin\AppData\Local\Programs\Python\Python310\lib\asyncio\base_events.py", line 1896, in _run_once
    handle._run()
  File "C:\Users\admin\AppData\Local\Programs\Python\Python310\lib\asyncio\events.py", line 80, in _run
    self._context.run(self._callback, *self._args)
  File "C:\Users\admin\AppData\Local\Programs\Python\Python310\lib\site-packages\uvicorn\server.py", line 78, in serve
    await self._serve(sockets)
  File "C:\Users\admin\AppData\Local\Programs\Python\Python310\lib\site-packages\uvicorn\server.py", line 93, in _serve
    await self.startup(sockets=sockets)
  File "C:\Users\admin\AppData\Local\Programs\Python\Python310\lib\site-packages\uvicorn\server.py", line 180, in start
up
    sys.exit(STARTUP_FAILURE)
SystemExit: 3
